[rayo-agency-template.vercel.app/index.html]
[rayo-agency-template.vercel.app/_next/static/chunks/0pnm0c4pzx_cz.css]
[rayo-agency-template.vercel.app/_next/static/chunks/00n_4tb6pwz9..css]
[rayo-agency-template.vercel.app/_next/static/chunks/0_xjdgqf8u7w_.css]
[rayo-agency-template.vercel.app/_next/static/chunks/16xak96v1pi97.js]
[rayo-agency-template.vercel.app/_next/static/chunks/0pqt_8bl3ukh4.js]
[rayo-agency-template.vercel.app/_next/static/chunks/0ybz_coswfqfx.js]
[rayo-agency-template.vercel.app/_next/static/chunks/08891q_ebv1_q.js]
[rayo-agency-template.vercel.app/_next/static/chunks/turbopack-033.msmja-.cf.js]
[rayo-agency-template.vercel.app/_next/static/chunks/0bdap3g1cf-c-.js]
[rayo-agency-template.vercel.app/_next/static/chunks/0.ou6_i7iudoq.js]
[rayo-agency-template.vercel.app/_next/static/chunks/18d6rhvzgre62.js]
[rayo-agency-template.vercel.app/_next/static/chunks/0_t29vi_hh.tn.js]
[rayo-agency-template.vercel.app/_next/static/chunks/0vet2w4pali_3.js]
[rayo-agency-template.vercel.app/_next/static/chunks/0qxvxu52wxnid.js]
[backblue.gif]
[fade.gif]
[index.html]
[rayo-agency-template.vercel.app/_next/static/chunks/0bsupj9fjge8g.js]
[rayo-agency-template.vercel.app/favicon6dc0.ico]
[rayo-agency-template.vercel.app/_next/static/chunks/03_yq9q893hmn.js]
[rayo-agency-template.vercel.app/home-main.html]
[rayo-agency-template.vercel.app/home-software-development-company.html]
[rayo-agency-template.vercel.app/home-freelancer-portfolio.html]
[rayo-agency-template.vercel.app/home-digital-agency.html]
[rayo-agency-template.vercel.app/home-creative-design-studio.html]
[rayo-agency-template.vercel.app/home-personal-portfolio.html]
[rayo-agency-template.vercel.app/home-web-agency.html]
[rayo-agency-template.vercel.app/home-creative-developer.html]
[rayo-agency-template.vercel.app/home-designer.html]
[rayo-agency-template.vercel.app/works-simple.html]
[rayo-agency-template.vercel.app/works-masonry.html]
[rayo-agency-template.vercel.app/project-details.html]
[rayo-agency-template.vercel.app/about-me.html]
[rayo-agency-template.vercel.app/about-us.html]
[rayo-agency-template.vercel.app/services.html]
[rayo-agency-template.vercel.app/team.html]
[rayo-agency-template.vercel.app/pricing.html]
[rayo-agency-template.vercel.app/faq.html]
[rayo-agency-template.vercel.app/404.23.delayed]
[rayo-agency-template.vercel.app/home-2.24.delayed]
[rayo-agency-template.vercel.app/blog-standard.html]
[rayo-agency-template.vercel.app/blog-creative.html]
[rayo-agency-template.vercel.app/blog-article.html]
[rayo-agency-template.vercel.app/contact.html]
[rayo-agency-template.vercel.app/video/540x310_video-01.webp]
[rayo-agency-template.vercel.app/video/540x310_video-01.mp4]
[rayo-agency-template.vercel.app/video/540x310_video-01.webm]
[rayo-agency-template.vercel.app/video/540x310_video-01.ogv]
[rayo-agency-template.vercel.app/_next/01_hero-imge023.jpg]
[rayo-agency-template.vercel.app/_next/02_hero-imgf9d7.jpg]
[rayo-agency-template.vercel.app/_next/01d91f.jpg]
[rayo-agency-template.vercel.app/_next/023511.jpg]
[rayo-agency-template.vercel.app/_next/0303f7.jpg]
[rayo-agency-template.vercel.app/_next/047fe4.jpg]
[rayo-agency-template.vercel.app/_next/05ff7e.jpg]
[rayo-agency-template.vercel.app/_next/06f7a7.jpg]
[rayo-agency-template.vercel.app/_next/07618d.jpg]
[rayo-agency-template.vercel.app/_next/085ff3.jpg]
[rayo-agency-template.vercel.app/_next/0998b9.jpg]
[rayo-agency-template.vercel.app/_next/02_card-imgf971.jpg]
[rayo-agency-template.vercel.app/_next/01_card-img88dd.webp]
[rayo-agency-template.vercel.app/_next/01_resp-img5c52.jpg]
[rayo-agency-template.vercel.app/_next/03_services62ff.jpg]
[rayo-agency-template.vercel.app/_next/04_team9bc0.jpg]
[rayo-agency-template.vercel.app/_next/05_pricing2d3d.webp]
[rayo-agency-template.vercel.app/_next/01_about-mef6aa.jpg]
[rayo-agency-template.vercel.app/_next/02_about-usb6a1.jpg]
[rayo-agency-template.vercel.app/_next/08_4040f06.webp]
[rayo-agency-template.vercel.app/_next/06_faqf34d.webp]
[rayo-agency-template.vercel.app/_next/07_contact8d75.webp]
[rayo-agency-template.vercel.app/_next/sec-01af4b.jpg]
[rayo-agency-template.vercel.app/_next/sec-02134c.webp]
[rayo-agency-template.vercel.app/_next/sec-036789.jpg]
[rayo-agency-template.vercel.app/_next/sec-04a3b3.jpg]
[rayo-agency-template.vercel.app/_next/sec-05a3e9.webp]
[rayo-agency-template.vercel.app/_next/sec-06a649.jpg]
[rayo-agency-template.vercel.app/_next/sec-0712d9.jpg]
[rayo-agency-template.vercel.app/_next/sec-08c6a5.jpg]
[rayo-agency-template.vercel.app/_next/01_comp-img8d88.jpg]
[rayo-agency-template.vercel.app/_next/sec-09ab38.webp]
[rayo-agency-template.vercel.app/_next/sec-10fd7a.jpg]
[rayo-agency-template.vercel.app/_next/sec-111710.jpg]
[rayo-agency-template.vercel.app/_next/sec-14f69f.jpg]
[rayo-agency-template.vercel.app/_next/sec-15079d.jpg]
[rayo-agency-template.vercel.app/_next/01_fea-img41c2.jpg]
[rayo-agency-template.vercel.app/_next/02_fea-imgabf8.jpg]
[rayo-agency-template.vercel.app/_next/03_fea-imga028.jpg]
[rayo-agency-template.vercel.app/_next/04_fea-img6651.jpg]
[rayo-agency-template.vercel.app/_next/06_fea-img5511.jpg]
[rayo-agency-template.vercel.app/_next/05_fea-img5d33.jpg]
[rayo-agency-template.vercel.app/_next/01-footerea47.jpg]
[rayo-agency-template.vercel.app/_next/icon-blayden641e.png]
[rayo-agency-template.vercel.app/_next/icon-igniteca80.png]
[rayo-agency-template.vercel.app/_next/icon-braxton2678.png]
[rayo-agency-template.vercel.app/index.html]
[rayo-agency-template.vercel.app/_next/static/media/Phosphor-Bold.10_yyx1gycsl7.woff2]
[rayo-agency-template.vercel.app/_next/static/media/Phosphor-Bold.08h-42032d85e.woff]
[rayo-agency-template.vercel.app/_next/static/media/Phosphor-Bold.0_7w89f0d72t..ttf]
[rayo-agency-template.vercel.app/_next/static/media/Phosphor-Bold.0nd3v-wz7lz3w.svg]
[rayo-agency-template.vercel.app/_next/static/media/Phosphor-Duotone.0op6kpwxpjslq.woff2]
[rayo-agency-template.vercel.app/_next/static/media/Phosphor-Duotone.0npiibimqhs1t.woff]
[rayo-agency-template.vercel.app/_next/static/media/Phosphor-Duotone.0jgro-sl42oax.ttf]
[rayo-agency-template.vercel.app/_next/static/media/Phosphor-Duotone.019smehihlzt-.svg]
[rayo-agency-template.vercel.app/_next/static/media/Phosphor-Fill.0n-7d0vime5s0.woff2]
[rayo-agency-template.vercel.app/_next/static/media/Phosphor-Fill.15gtd1_v3t66y.woff]
[rayo-agency-template.vercel.app/_next/static/media/Phosphor-Fill.0oys_f4q.djtj.ttf]
[rayo-agency-template.vercel.app/_next/static/media/Phosphor-Fill.0u96a4efsh5sx.svg]
[rayo-agency-template.vercel.app/_next/static/media/Phosphor-Light.0q_b0vzzlywdc.woff2]
[rayo-agency-template.vercel.app/_next/static/media/Phosphor-Light.0gs5cs32p6ht4.woff]
[rayo-agency-template.vercel.app/_next/static/media/Phosphor-Light.0m_a49-ogc_b5.ttf]
[rayo-agency-template.vercel.app/_next/static/media/Phosphor-Light.038ew-dfs2vmy.svg]
[rayo-agency-template.vercel.app/_next/static/media/Phosphor.0c8pi.md-4rh..woff2]
[rayo-agency-template.vercel.app/_next/static/media/Phosphor.11wgiv9nqiit7.woff]
[rayo-agency-template.vercel.app/_next/static/media/Phosphor.05iea4td0f2gq.ttf]
[rayo-agency-template.vercel.app/_next/static/media/Phosphor.04kgtzk3bvjz2.svg]
[rayo-agency-template.vercel.app/_next/static/media/Phosphor-Thin.0vjmx823d.p6n.woff2]
[rayo-agency-template.vercel.app/_next/static/media/Phosphor-Thin.0mupilx_je8d1.woff]
[rayo-agency-template.vercel.app/_next/static/media/Phosphor-Thin.0_munq793kt8w.ttf]
[rayo-agency-template.vercel.app/_next/static/media/Phosphor-Thin.0_54o_eo-eg8..svg]
[rayo-agency-template.vercel.app/img/default-skin.html]
[rayo-agency-template.vercel.app/img/default-skin-2.html]
[rayo-agency-template.vercel.app/_next/static/chunks/0pnm0c4pzx_cz.css]
[rayo-agency-template.vercel.app/img/preloader.html]
[rayo-agency-template.vercel.app/img/demo/screens/01.webp]
[rayo-agency-template.vercel.app/img/demo/screens/02.webp]
[rayo-agency-template.vercel.app/img/demo/screens/03.webp]
[rayo-agency-template.vercel.app/img/demo/screens/04.webp]
[rayo-agency-template.vercel.app/img/demo/screens/05.webp]
[rayo-agency-template.vercel.app/img/demo/screens/06.webp]
[rayo-agency-template.vercel.app/img/demo/screens/07.webp]
[rayo-agency-template.vercel.app/img/demo/screens/08.webp]
[rayo-agency-template.vercel.app/img/demo/screens/09.webp]
[rayo-agency-template.vercel.app/img/demo/screens/01-d.webp]
[rayo-agency-template.vercel.app/img/demo/screens/02-d.webp]
[rayo-agency-template.vercel.app/img/demo/screens/03-d.webp]
[rayo-agency-template.vercel.app/img/demo/screens/04-d.webp]
[rayo-agency-template.vercel.app/img/demo/screens/05-d.webp]
[rayo-agency-template.vercel.app/img/demo/screens/06-d.webp]
[rayo-agency-template.vercel.app/img/demo/screens/07-d.webp]
[rayo-agency-template.vercel.app/img/demo/screens/08-d.webp]
[rayo-agency-template.vercel.app/img/demo/screens/09-d.webp]
[rayo-agency-template.vercel.app/img/avatars/1400x1400_ava-01.webp]
[rayo-agency-template.vercel.app/img/illustrations/1920x1080_divider-01.webp]
[rayo-agency-template.vercel.app/img/illustrations/1920x1080_divider-02.webp]
[rayo-agency-template.vercel.app/img/illustrations/1920x1080_divider-03.webp]
[rayo-agency-template.vercel.app/img/illustrations/1920x1080_divider-04.webp]
[rayo-agency-template.vercel.app/img/illustrations/2400x1350_divider-05.webp]
[rayo-agency-template.vercel.app/img/illustrations/1920x1080_divider-06.webp]
[rayo-agency-template.vercel.app/img/illustrations/2400x1600_divider-07.webp]
[rayo-agency-template.vercel.app/img/illustrations/2400x1600_divider-08.webp]
[rayo-agency-template.vercel.app/img/illustrations/2400x1600_divider-09.webp]
[rayo-agency-template.vercel.app/img/illustrations/2400x1600_divider-10.webp]
[rayo-agency-template.vercel.app/img/works/preview/1400x1400_prv-01.webp]
[rayo-agency-template.vercel.app/img/works/preview/1400x1400_prv-02.webp]
[rayo-agency-template.vercel.app/img/works/preview/1400x1400_prv-03.webp]
[rayo-agency-template.vercel.app/img/works/preview/1400x1400_prv-04.webp]
[rayo-agency-template.vercel.app/img/works/preview/1400x1400_prv-05.webp]
[rayo-agency-template.vercel.app/img/works/preview/1400x1400_prv-06.webp]
[rayo-agency-template.vercel.app/img/works/preview/1400x1400_prv-07.webp]
[rayo-agency-template.vercel.app/img/blog/preview/1000x1250_prv-01.webp]
[rayo-agency-template.vercel.app/img/blog/preview/1000x1250_prv-02.webp]
[rayo-agency-template.vercel.app/img/blog/preview/1000x1250_prv-03.webp]
[rayo-agency-template.vercel.app/img/illustrations/400x200_hdl-01.webp]
[rayo-agency-template.vercel.app/img/illustrations/400x200_hdl-02.webp]
[rayo-agency-template.vercel.app/img/illustrations/400x200_hdl-03.webp]
[rayo-agency-template.vercel.app/img/illustrations/400x200_hdl-04.webp]
[rayo-agency-template.vercel.app/img/illustrations/400x200_hdl-05.webp]
[rayo-agency-template.vercel.app/img/illustrations/400x200_hdl-06.webp]
[rayo-agency-template.vercel.app/img/illustrations/400x200_hdl-07.webp]
[rayo-agency-template.vercel.app/img/team/1200x1600_team-01.webp]
[rayo-agency-template.vercel.app/img/team/1600x1200_team-01.webp]
[rayo-agency-template.vercel.app/img/works/2200x1650_prj-details-01.webp]
[rayo-agency-template.vercel.app/img/works/2200x1650_prj-details-02.webp]
[rayo-agency-template.vercel.app/img/backgrounds/1440x900_cta-01.webp]
[rayo-agency-template.vercel.app/_next/static/chunks/00n_4tb6pwz9..css]
[rayo-agency-template.vercel.app/_next/static/chunks/0_xjdgqf8u7w_.css]
[rayo-agency-template.vercel.app/_next/static/chunks/0c0wvbwpuxh-u.js]
[rayo-agency-template.vercel.app/_next/static/chunks/0d7m46wivijch.js]
[rayo-agency-template.vercel.app/_next/03_hero-img5c64.jpg]
[rayo-agency-template.vercel.app/_next/300x300_obj-btn-016422.jpg]
[rayo-agency-template.vercel.app/_next/800x800_card-image-01e3a5.jpg]
[rayo-agency-template.vercel.app/_next/300x300_ava-023b68.jpg]
[rayo-agency-template.vercel.app/_next/300x300_ava-01a0eb.jpg]
[rayo-agency-template.vercel.app/_next/800x800_card-image-02a14a.jpg]
[rayo-agency-template.vercel.app/_next/800x800_card-image-03666f.jpg]
[rayo-agency-template.vercel.app/_next/800x800_card-image-044a28.jpg]
[rayo-agency-template.vercel.app/_next/800x800_ser-01913f.jpg]
[rayo-agency-template.vercel.app/_next/1000x1000_ser-0144c9.jpg]
[rayo-agency-template.vercel.app/_next/800x800_ser-025f10.jpg]
[rayo-agency-template.vercel.app/_next/1000x1000_ser-02799f.jpg]
[rayo-agency-template.vercel.app/_next/800x800_ser-03aac9.jpg]
[rayo-agency-template.vercel.app/_next/1000x1000_ser-034fc4.jpg]
[rayo-agency-template.vercel.app/_next/800x800_ser-04bd63.jpg]
[rayo-agency-template.vercel.app/_next/1000x1000_ser-040cdf.jpg]
[rayo-agency-template.vercel.app/_next/h70_appr-0128c9.jpg]
[rayo-agency-template.vercel.app/_next/h70_appr-026d88.jpg]
[rayo-agency-template.vercel.app/_next/h70_appr-03a066.jpg]
[rayo-agency-template.vercel.app/_next/h70_appr-044c31.jpg]
[rayo-agency-template.vercel.app/_next/h70_appr-05f38c.jpg]
[rayo-agency-template.vercel.app/_next/1200x1000_marquee-01e813.jpg]
[rayo-agency-template.vercel.app/_next/1200x1000_marquee-02fabc.jpg]
[rayo-agency-template.vercel.app/_next/1200x1000_marquee-033787.webp]
[rayo-agency-template.vercel.app/_next/1200x1000_marquee-0454f1.jpg]
[rayo-agency-template.vercel.app/_next/1200x1000_marquee-05d315.jpg]
[rayo-agency-template.vercel.app/_next/1200x1000_marquee-0613bc.jpg]
[rayo-agency-template.vercel.app/_next/1200x1000_marquee-07fdba.webp]
[rayo-agency-template.vercel.app/_next/1200x1000_marquee-084004.jpg]
[rayo-agency-template.vercel.app/_next/600x600_prv-0103eb.jpg]
[rayo-agency-template.vercel.app/_next/600x600_prv-02a849.jpg]
[rayo-agency-template.vercel.app/_next/600x600_prv-03dd94.jpg]
[rayo-agency-template.vercel.app/_next/600x600_prv-04b994.jpg]
[rayo-agency-template.vercel.app/_next/300x300_ava-05fb62.jpg]
[rayo-agency-template.vercel.app/img/brands/envato.svg]
[rayo-agency-template.vercel.app/_next/300x300_ava-04e6ee.jpg]
[rayo-agency-template.vercel.app/_next/300x300_ava-066d6c.jpg]
[rayo-agency-template.vercel.app/_next/300x300_ava-035eb9.jpg]
[rayo-agency-template.vercel.app/img/brands/mozilla.svg]
[rayo-agency-template.vercel.app/img/brands/behance.svg]
[rayo-agency-template.vercel.app/img/brands/dribbble.svg]
[rayo-agency-template.vercel.app/img/brands/codeninja.svg]
[rayo-agency-template.vercel.app/img/brands/udemy.svg]
[rayo-agency-template.vercel.app/img/brands/angular.svg]
[rayo-agency-template.vercel.app/img/brands/ghostgaming.svg]
[rayo-agency-template.vercel.app/img/icons/icon-eye.svg]
[rayo-agency-template.vercel.app/_next/300x300_obj-cta-011a76.jpg]
[rayo-agency-template.vercel.app/_next/cta-img-01d4d4.jpg]
[rayo-agency-template.vercel.app/_next/cta-img-0260ac.jpg]
[rayo-agency-template.vercel.app/home-main.html]
[rayo-agency-template.vercel.app/_next/static/chunks/0vv4qdjwy-o2_.js]
[rayo-agency-template.vercel.app/video/hero/hero-video-02.webp]
[rayo-agency-template.vercel.app/video/hero/hero-video-02.mp4]
[rayo-agency-template.vercel.app/video/hero/hero-video-02.webm]
[rayo-agency-template.vercel.app/video/hero/hero-video-02.ogv]
[rayo-agency-template.vercel.app/_next/29_hero-img85ad.jpg]
[rayo-agency-template.vercel.app/video/hero/hero-video-01.webp]
[rayo-agency-template.vercel.app/video/hero/hero-video-01.mp4]
[rayo-agency-template.vercel.app/video/hero/hero-video-01.webm]
[rayo-agency-template.vercel.app/video/hero/hero-video-01.ogv]
[rayo-agency-template.vercel.app/_next/28_hero-imge782.webp]
[rayo-agency-template.vercel.app/_next/30_hero-imgcaae.jpg]
[rayo-agency-template.vercel.app/_next/24_hero-img3366.jpg]
[rayo-agency-template.vercel.app/video/1920x1080_video-04.webm]
[rayo-agency-template.vercel.app/video/1920x1080_video-04.webp]
[rayo-agency-template.vercel.app/_next/1200x1200_service-image-01be25.jpg]
[rayo-agency-template.vercel.app/_next/1200x1200_service-image-024695.jpg]
[rayo-agency-template.vercel.app/_next/1200x1200_service-image-03482a.jpg]
[rayo-agency-template.vercel.app/_next/1200x1200_service-image-0462ca.jpg]
[rayo-agency-template.vercel.app/_next/1200x1200_service-image-05b14c.jpg]
[rayo-agency-template.vercel.app/_next/600x730_cpb-01b3e2.jpg]
[rayo-agency-template.vercel.app/_next/1200x800_cpb-01faef.jpg]
[rayo-agency-template.vercel.app/_next/600x730_cpb-030955.jpg]
[rayo-agency-template.vercel.app/_next/1200x800_cpb-03e516.jpg]
[rayo-agency-template.vercel.app/_next/600x730_cpb-026fb2.webp]
[rayo-agency-template.vercel.app/_next/1200x800_cpb-02ca3d.webp]
[rayo-agency-template.vercel.app/_next/600x730_cpb-0468bf.jpg]
[rayo-agency-template.vercel.app/_next/1200x800_cpb-049ab7.webp]
[rayo-agency-template.vercel.app/_next/600x730_cpb-050aa2.jpg]
[rayo-agency-template.vercel.app/_next/1200x800_cpb-0512c7.jpg]
[rayo-agency-template.vercel.app/_next/600x730_cpb-0667dc.jpg]
[rayo-agency-template.vercel.app/_next/1200x800_cpb-0659b6.jpg]
[rayo-agency-template.vercel.app/_next/600x730_cpb-0766e6.jpg]
[rayo-agency-template.vercel.app/_next/1200x800_cpb-075370.webp]
[rayo-agency-template.vercel.app/_next/h70_stats-01c33a.jpg]
[rayo-agency-template.vercel.app/_next/h70_stats-026e94.jpg]
[rayo-agency-template.vercel.app/_next/h70_stats-030bdb.jpg]
[rayo-agency-template.vercel.app/_next/h70_stats-04ab0c.jpg]
[rayo-agency-template.vercel.app/home-software-development-company.html]
[rayo-agency-template.vercel.app/_next/static/chunks/11bxf_308p5ns.js]
[rayo-agency-template.vercel.app/video/1920x1080_video-03.webp]
[rayo-agency-template.vercel.app/video/1920x1080_video-03.mp4]
[rayo-agency-template.vercel.app/video/1920x1080_video-03.webm]
[rayo-agency-template.vercel.app/video/1920x1080_video-03.ogv]
[rayo-agency-template.vercel.app/_next/300x300_obj-btn-032d68.jpg]
[rayo-agency-template.vercel.app/video/1920x1080_video-05.webm]
[rayo-agency-template.vercel.app/video/1920x1080_video-05.webp]
[rayo-agency-template.vercel.app/img/tech/icon-photoshop.svg]
[rayo-agency-template.vercel.app/img/tech/icon-illustrator.svg]
[rayo-agency-template.vercel.app/img/tech/icon-scketch.svg]
[rayo-agency-template.vercel.app/img/tech/icon-blender.svg]
[rayo-agency-template.vercel.app/img/tech/icon-html.svg]
[rayo-agency-template.vercel.app/img/tech/icon-css.svg]
[rayo-agency-template.vercel.app/home-freelancer-portfolio.html]
[rayo-agency-template.vercel.app/img/tech/icon-notion.svg]
[rayo-agency-template.vercel.app/_next/static/chunks/10kchjwcs3d9j.js]
[rayo-agency-template.vercel.app/_next/07_hero-img67ac.jpg]
[rayo-agency-template.vercel.app/_next/08_hero-img8b61.jpg]
[rayo-agency-template.vercel.app/_next/09_hero-imga068.webp]
[rayo-agency-template.vercel.app/_next/10_hero-img9613.webp]
[rayo-agency-template.vercel.app/_next/11_hero-imga9b5.jpg]
[rayo-agency-template.vercel.app/_next/13_hero-img381c.webp]
[rayo-agency-template.vercel.app/_next/12_hero-imgf554.jpg]
[rayo-agency-template.vercel.app/_next/14_hero-imgdd59.webp]
[rayo-agency-template.vercel.app/_next/800x400_prv-01e7db.jpg]
[rayo-agency-template.vercel.app/_next/800x400_prv-02b106.jpg]
[rayo-agency-template.vercel.app/_next/800x400_prv-037218.jpg]
[rayo-agency-template.vercel.app/_next/800x400_prv-040176.webp]
[rayo-agency-template.vercel.app/_next/800x400_prv-053434.jpg]
[rayo-agency-template.vercel.app/_next/800x400_prv-06d156.webp]
[rayo-agency-template.vercel.app/_next/800x400_prv-07d0af.jpg]
[rayo-agency-template.vercel.app/_next/800x400_prv-089ada.jpg]
[rayo-agency-template.vercel.app/home-digital-agency.html]
[rayo-agency-template.vercel.app/_next/static/chunks/08_byn-adwjx7.js]
[rayo-agency-template.vercel.app/_next/static/chunks/0pxhzx1n86sjo.js]
[rayo-agency-template.vercel.app/_next/05_hero-img4fc6.jpg]
[rayo-agency-template.vercel.app/_next/04_hero-imga8aa.jpg]
[rayo-agency-template.vercel.app/_next/1080x1920_prv-0123a3.jpg]
[rayo-agency-template.vercel.app/_next/1920x1080_prv-019ab1.jpg]
[rayo-agency-template.vercel.app/_next/1080x1920_prv-07d528.jpg]
[rayo-agency-template.vercel.app/_next/1920x1080_prv-072f4e.jpg]
[rayo-agency-template.vercel.app/_next/1080x1920_prv-03d40a.jpg]
[rayo-agency-template.vercel.app/_next/1920x1080_prv-037cf8.jpg]
[rayo-agency-template.vercel.app/_next/1080x1920_prv-0483d0.webp]
[rayo-agency-template.vercel.app/_next/1920x1080_prv-04a78d.jpg]
[rayo-agency-template.vercel.app/_next/800x800_service-image-01a347.jpg]
[rayo-agency-template.vercel.app/_next/800x800_service-image-025b7f.jpg]
[rayo-agency-template.vercel.app/_next/800x800_service-image-03d946.jpg]
[rayo-agency-template.vercel.app/_next/800x800_service-image-04e1dd.jpg]
[rayo-agency-template.vercel.app/_next/800x800_service-image-055730.jpg]
[rayo-agency-template.vercel.app/_next/800x920_team-016ddd.jpg]
[rayo-agency-template.vercel.app/_next/800x920_team-02fbd5.jpg]
[rayo-agency-template.vercel.app/_next/800x920_team-0300af.jpg]
[rayo-agency-template.vercel.app/_next/800x920_team-047198.jpg]
[rayo-agency-template.vercel.app/home-creative-design-studio.html]
[rayo-agency-template.vercel.app/_next/static/chunks/0.5_7xzivtm2y.js]
[rayo-agency-template.vercel.app/_next/22_hero-img4f49.jpg]
[rayo-agency-template.vercel.app/_next/300x300_obj-btn-02ba12.jpg]
[rayo-agency-template.vercel.app/home-personal-portfolio.html]
[rayo-agency-template.vercel.app/_next/static/chunks/0y_04.gevze7_.js]
[rayo-agency-template.vercel.app/video/1280x720_video-01.webp]
[rayo-agency-template.vercel.app/video/1280x720_video-01.mp4]
[rayo-agency-template.vercel.app/video/1280x720_video-01.webm]
[rayo-agency-template.vercel.app/video/1280x720_video-01.ogv]
[rayo-agency-template.vercel.app/_next/800x800_service-image-01f48e.jpg]
[rayo-agency-template.vercel.app/_next/800x800_pinned-image-02dd63.jpg]
[rayo-agency-template.vercel.app/_next/800x800_pinned-image-03d2d6.jpg]
[rayo-agency-template.vercel.app/_next/800x800_pinned-image-045474.jpg]
[rayo-agency-template.vercel.app/_next/1200x1000_marquee-10c1ff.jpg]
[rayo-agency-template.vercel.app/_next/1200x1000_marquee-11a34a.jpg]
[rayo-agency-template.vercel.app/_next/1200x1000_marquee-1249f3.jpg]
[rayo-agency-template.vercel.app/_next/1200x1000_marquee-0977f1.jpg]
[rayo-agency-template.vercel.app/_next/1200x1000_marquee-132c85.jpg]
[rayo-agency-template.vercel.app/_next/1200x1000_marquee-145783.jpg]
[rayo-agency-template.vercel.app/_next/1200x1000_marquee-152fc8.jpg]
[rayo-agency-template.vercel.app/_next/1200x1000_marquee-167174.jpg]
[rayo-agency-template.vercel.app/home-web-agency.html]
[rayo-agency-template.vercel.app/_next/static/chunks/03mxcnu87fosy.js]
[rayo-agency-template.vercel.app/_next/static/chunks/17dgys7e.i4yo.js]
[rayo-agency-template.vercel.app/_next/21_hero-imgf943.webp]
[rayo-agency-template.vercel.app/_next/600x730_prv-0620a3.webp]
[rayo-agency-template.vercel.app/_next/1200x800_prv-0636f1.webp]
[rayo-agency-template.vercel.app/_next/600x730_prv-0792de.jpg]
[rayo-agency-template.vercel.app/_next/1200x800_prv-07565f.jpg]
[rayo-agency-template.vercel.app/_next/600x730_prv-05a5ef.jpg]
[rayo-agency-template.vercel.app/_next/1200x800_prv-055f2b.jpg]
[rayo-agency-template.vercel.app/_next/600x730_prv-03328d.jpg]
[rayo-agency-template.vercel.app/_next/1200x800_prv-03ff40.jpg]
[rayo-agency-template.vercel.app/home-creative-developer.html]
[rayo-agency-template.vercel.app/_next/static/chunks/0vzvoa.y66lja.js]
[rayo-agency-template.vercel.app/_next/16_hero-img553e.jpg]
[rayo-agency-template.vercel.app/_next/1080x1920_prv-058cdd.jpg]
[rayo-agency-template.vercel.app/_next/1920x1080_prv-056bc6.jpg]
[rayo-agency-template.vercel.app/_next/1400x1400_ava-01b5a1.jpg]
[rayo-agency-template.vercel.app/home-designer.html]
[rayo-agency-template.vercel.app/img/icons/96x96-decor-01.svg]
[rayo-agency-template.vercel.app/_next/static/chunks/0m_b4ub2r.a5h.js]
[rayo-agency-template.vercel.app/_next/600x730_prv-01d135.jpg]
[rayo-agency-template.vercel.app/_next/1200x800_prv-01158d.jpg]
[rayo-agency-template.vercel.app/_next/600x730_prv-02090a.jpg]
[rayo-agency-template.vercel.app/_next/1200x800_prv-0223c6.jpg]
[rayo-agency-template.vercel.app/_next/1200x800_prv-04ffcf.webp]
[rayo-agency-template.vercel.app/_next/1200x800_prv-04b5c7.webp]
[rayo-agency-template.vercel.app/_next/1400x1200_t01cfa5.jpg]
[rayo-agency-template.vercel.app/_next/1400x1200_t02a2fe.jpg]
[rayo-agency-template.vercel.app/works-simple.html]
[rayo-agency-template.vercel.app/works-masonry.html]
[rayo-agency-template.vercel.app/_next/static/chunks/10nboz8jvvtv_.js]
[rayo-agency-template.vercel.app/_next/static/chunks/0r-6hafoktwk9.js]
[rayo-agency-template.vercel.app/_next/1200x1200_prj-details-013386.jpg]
[rayo-agency-template.vercel.app/_next/1400x1000_prj-details-01160e.jpg]
[rayo-agency-template.vercel.app/_next/1400x1000_prj-details-0297e2.webp]
[rayo-agency-template.vercel.app/_next/1200x1200_prj-details-0283eb.jpg]
[rayo-agency-template.vercel.app/project-details.html]
[rayo-agency-template.vercel.app/_next/static/chunks/0f3nwyh6f8fi7.js]
[rayo-agency-template.vercel.app/_next/1400x1400_values-015368.jpg]
[rayo-agency-template.vercel.app/_next/1400x1400_values-02d0ce.jpg]
[rayo-agency-template.vercel.app/about-me.html]
[rayo-agency-template.vercel.app/_next/static/chunks/14up5ydl3opb9.js]
[rayo-agency-template.vercel.app/_next/800x920_team-06a2d2.jpg]
[rayo-agency-template.vercel.app/_next/800x920_team-050b17.jpg]
[rayo-agency-template.vercel.app/about-us.html]
[rayo-agency-template.vercel.app/_next/static/chunks/0aw4urtgra4do.js]
[rayo-agency-template.vercel.app/_next/360x440_list-019327.jpg]
[rayo-agency-template.vercel.app/_next/360x440_list-021d13.webp]
[rayo-agency-template.vercel.app/_next/360x440_list-033f45.jpg]
[rayo-agency-template.vercel.app/_next/360x440_list-04cfc4.jpg]
[rayo-agency-template.vercel.app/video/1920x1080_video-07.webm]
[rayo-agency-template.vercel.app/video/1920x1080_video-07.webp]
[rayo-agency-template.vercel.app/services.html]
[rayo-agency-template.vercel.app/team.html]
[rayo-agency-template.vercel.app/_next/static/chunks/0qkf6kzpttchz.js]
[rayo-agency-template.vercel.app/_next/static/chunks/10k_vtj_aoft2.js]
[rayo-agency-template.vercel.app/contact.17b.delayed]
[rayo-agency-template.vercel.app/img/brands/deepseek.svg]
[rayo-agency-template.vercel.app/img/brands/crewai.svg]
[rayo-agency-template.vercel.app/img/brands/smartlook.svg]
[rayo-agency-template.vercel.app/pricing.html]
[rayo-agency-template.vercel.app/img/brands/logitech.svg]
[rayo-agency-template.vercel.app/faq.html]
[rayo-agency-template.vercel.app/404.html]
[rayo-agency-template.vercel.app/home-2.html]
[rayo-agency-template.vercel.app/_next/static/chunks/0r3jtg1q8z9ki.js]
[rayo-agency-template.vercel.app/_next/static/chunks/16c_xzw_0xt._.js]
[rayo-agency-template.vercel.app/index-main.182.delayed]
[rayo-agency-template.vercel.app/_next/1400x900_pf-016753.jpg]
[rayo-agency-template.vercel.app/_next/800x680_ps-01ce35.webp]
[rayo-agency-template.vercel.app/_next/800x680_ps-02f480.webp]
[rayo-agency-template.vercel.app/_next/800x680_ps-03d499.jpg]
[rayo-agency-template.vercel.app/_next/800x680_ps-04f4a5.jpg]
[rayo-agency-template.vercel.app/_next/800x680_ps-052c66.jpg]
[rayo-agency-template.vercel.app/_next/300x300_rp-01ccc0.jpg]
[rayo-agency-template.vercel.app/_next/300x300_rp-02f77a.jpg]
[rayo-agency-template.vercel.app/_next/300x300_rp-03880a.jpg]
[rayo-agency-template.vercel.app/_next/1200x1320_ad-01afcd.jpg]
[rayo-agency-template.vercel.app/blog-standard.html]
[rayo-agency-template.vercel.app/_next/static/chunks/0.gfa-r_zbt6j.js]
[rayo-agency-template.vercel.app/_next/1000x1250_psec-010052.jpg]
[rayo-agency-template.vercel.app/_next/1000x1250_psec-020eb9.jpg]
[rayo-agency-template.vercel.app/_next/1200x800_pa-012874.jpg]
[rayo-agency-template.vercel.app/_next/1200x800_pa-024cf4.jpg]
[rayo-agency-template.vercel.app/_next/1200x800_pa-037e70.jpg]
[rayo-agency-template.vercel.app/_next/1200x800_pa-04d70e.webp]
[rayo-agency-template.vercel.app/_next/1200x800_pa-05ae8b.jpg]
[rayo-agency-template.vercel.app/blog-creative.html]
[rayo-agency-template.vercel.app/_next/static/chunks/10.bzsj4g8y5z.js]
[rayo-agency-template.vercel.app/_next/1920x1280_tm-01634f.jpg]
[rayo-agency-template.vercel.app/_next/1920x1280_img-011eca.webp]
[rayo-agency-template.vercel.app/_next/1200x1200_img-01237b.jpg]
[rayo-agency-template.vercel.app/_next/1200x1200_img-02b616.jpg]
[rayo-agency-template.vercel.app/_next/300x300_ava-07109d.jpg]
[rayo-agency-template.vercel.app/_next/300x300_ava-082e02.jpg]
[rayo-agency-template.vercel.app/_next/300x300_ava-09be15.jpg]
[rayo-agency-template.vercel.app/blog-article.html]
[rayo-agency-template.vercel.app/_next/static/chunks/0skwb7st_o0_z.css]
[rayo-agency-template.vercel.app/contact.html]
[rayo-agency-template.vercel.app/_next/static/media/Phosphor-Bold.0nd3v-wz7lz3w.svg]
[rayo-agency-template.vercel.app/_next/static/chunks/0upaq978.4xri.js]
[rayo-agency-template.vercel.app/_next/static/media/Phosphor-Duotone.019smehihlzt-.svg]
[rayo-agency-template.vercel.app/_next/static/media/Phosphor-Fill.0u96a4efsh5sx.svg]
[rayo-agency-template.vercel.app/_next/static/media/Phosphor-Light.038ew-dfs2vmy.svg]
[rayo-agency-template.vercel.app/_next/static/media/Phosphor.04kgtzk3bvjz2.svg]
[rayo-agency-template.vercel.app/_next/static/media/Phosphor-Thin.0_54o_eo-eg8..svg]
[rayo-agency-template.vercel.app/img/default-skin.html]
[rayo-agency-template.vercel.app/img/default-skin-2.html]
[rayo-agency-template.vercel.app/img/preloader.html]
[rayo-agency-template.vercel.app/img/brands/envato.svg]
[rayo-agency-template.vercel.app/img/brands/mozilla.svg]
[rayo-agency-template.vercel.app/img/brands/behance.svg]
[rayo-agency-template.vercel.app/img/brands/dribbble.svg]
[rayo-agency-template.vercel.app/img/brands/codeninja.svg]
[rayo-agency-template.vercel.app/img/brands/udemy.svg]
[rayo-agency-template.vercel.app/img/brands/angular.svg]
[rayo-agency-template.vercel.app/img/brands/ghostgaming.svg]
[rayo-agency-template.vercel.app/img/icons/icon-eye.svg]
[rayo-agency-template.vercel.app/img/tech/icon-photoshop.svg]
[rayo-agency-template.vercel.app/img/tech/icon-figma.svg]
[rayo-agency-template.vercel.app/img/tech/icon-illustrator.svg]
[rayo-agency-template.vercel.app/img/tech/icon-scketch.svg]
[rayo-agency-template.vercel.app/img/tech/icon-blender.svg]
[rayo-agency-template.vercel.app/img/tech/icon-html.svg]
[rayo-agency-template.vercel.app/img/tech/icon-css.svg]
[rayo-agency-template.vercel.app/img/tech/icon-notion.svg]
[rayo-agency-template.vercel.app/img/icons/96x96-decor-01.svg]
[rayo-agency-template.vercel.app/contact-2.html]
[rayo-agency-template.vercel.app/img/brands/deepseek.svg]
[rayo-agency-template.vercel.app/img/brands/crewai.svg]
[rayo-agency-template.vercel.app/img/brands/smartlook.svg]
[rayo-agency-template.vercel.app/img/brands/logitech.svg]
[rayo-agency-template.vercel.app/index-main.html]
[rayo-agency-template.vercel.app/_next/static/chunks/0skwb7st_o0_z.css]
